Archive member included to satisfy reference by file (symbol)

c:/mounriver/mrs_community/toolchain/risc-v embedded gcc/bin/../lib/gcc/riscv-none-embed/8.2.0/rv32imac/ilp32\libgcc.a(save-restore.o)
                              ./User/main.o (__riscv_save_8)
c:/mounriver/mrs_community/toolchain/risc-v embedded gcc/bin/../lib/gcc/riscv-none-embed/8.2.0/../../../../riscv-none-embed/lib/rv32imac/ilp32\libg_nano.a(lib_a-memcpy.o)
                              ./modbus/functions/mbfuncother.o (memcpy)
c:/mounriver/mrs_community/toolchain/risc-v embedded gcc/bin/../lib/gcc/riscv-none-embed/8.2.0/../../../../riscv-none-embed/lib/rv32imac/ilp32\libg_nano.a(lib_a-printf.o)
                              ./User/main.o (printf)
c:/mounriver/mrs_community/toolchain/risc-v embedded gcc/bin/../lib/gcc/riscv-none-embed/8.2.0/../../../../riscv-none-embed/lib/rv32imac/ilp32\libg_nano.a(lib_a-findfp.o)
                              c:/mounriver/mrs_community/toolchain/risc-v embedded gcc/bin/../lib/gcc/riscv-none-embed/8.2.0/../../../../riscv-none-embed/lib/rv32imac/ilp32\libg_nano.a(lib_a-printf.o) (__sinit)
c:/mounriver/mrs_community/toolchain/risc-v embedded gcc/bin/../lib/gcc/riscv-none-embed/8.2.0/../../../../riscv-none-embed/lib/rv32imac/ilp32\libg_nano.a(lib_a-fwalk.o)
                              c:/mounriver/mrs_community/toolchain/risc-v embedded gcc/bin/../lib/gcc/riscv-none-embed/8.2.0/../../../../riscv-none-embed/lib/rv32imac/ilp32\libg_nano.a(lib_a-findfp.o) (_fwalk)
c:/mounriver/mrs_community/toolchain/risc-v embedded gcc/bin/../lib/gcc/riscv-none-embed/8.2.0/../../../../riscv-none-embed/lib/rv32imac/ilp32\libg_nano.a(lib_a-impure.o)
                              c:/mounriver/mrs_community/toolchain/risc-v embedded gcc/bin/../lib/gcc/riscv-none-embed/8.2.0/../../../../riscv-none-embed/lib/rv32imac/ilp32\libg_nano.a(lib_a-findfp.o) (_global_impure_ptr)
c:/mounriver/mrs_community/toolchain/risc-v embedded gcc/bin/../lib/gcc/riscv-none-embed/8.2.0/../../../../riscv-none-embed/lib/rv32imac/ilp32\libg_nano.a(lib_a-memset.o)
                              c:/mounriver/mrs_community/toolchain/risc-v embedded gcc/bin/../lib/gcc/riscv-none-embed/8.2.0/../../../../riscv-none-embed/lib/rv32imac/ilp32\libg_nano.a(lib_a-findfp.o) (memset)
c:/mounriver/mrs_community/toolchain/risc-v embedded gcc/bin/../lib/gcc/riscv-none-embed/8.2.0/../../../../riscv-none-embed/lib/rv32imac/ilp32\libg_nano.a(lib_a-nano-mallocr.o)
                              c:/mounriver/mrs_community/toolchain/risc-v embedded gcc/bin/../lib/gcc/riscv-none-embed/8.2.0/../../../../riscv-none-embed/lib/rv32imac/ilp32\libg_nano.a(lib_a-findfp.o) (_malloc_r)
c:/mounriver/mrs_community/toolchain/risc-v embedded gcc/bin/../lib/gcc/riscv-none-embed/8.2.0/../../../../riscv-none-embed/lib/rv32imac/ilp32\libg_nano.a(lib_a-nano-vfprintf.o)
                              c:/mounriver/mrs_community/toolchain/risc-v embedded gcc/bin/../lib/gcc/riscv-none-embed/8.2.0/../../../../riscv-none-embed/lib/rv32imac/ilp32\libg_nano.a(lib_a-printf.o) (_vfprintf_r)
c:/mounriver/mrs_community/toolchain/risc-v embedded gcc/bin/../lib/gcc/riscv-none-embed/8.2.0/../../../../riscv-none-embed/lib/rv32imac/ilp32\libg_nano.a(lib_a-nano-vfprintf_i.o)
                              c:/mounriver/mrs_community/toolchain/risc-v embedded gcc/bin/../lib/gcc/riscv-none-embed/8.2.0/../../../../riscv-none-embed/lib/rv32imac/ilp32\libg_nano.a(lib_a-nano-vfprintf.o) (_printf_i)
c:/mounriver/mrs_community/toolchain/risc-v embedded gcc/bin/../lib/gcc/riscv-none-embed/8.2.0/../../../../riscv-none-embed/lib/rv32imac/ilp32\libg_nano.a(lib_a-sbrkr.o)
                              c:/mounriver/mrs_community/toolchain/risc-v embedded gcc/bin/../lib/gcc/riscv-none-embed/8.2.0/../../../../riscv-none-embed/lib/rv32imac/ilp32\libg_nano.a(lib_a-nano-mallocr.o) (_sbrk_r)
c:/mounriver/mrs_community/toolchain/risc-v embedded gcc/bin/../lib/gcc/riscv-none-embed/8.2.0/../../../../riscv-none-embed/lib/rv32imac/ilp32\libg_nano.a(lib_a-stdio.o)
                              c:/mounriver/mrs_community/toolchain/risc-v embedded gcc/bin/../lib/gcc/riscv-none-embed/8.2.0/../../../../riscv-none-embed/lib/rv32imac/ilp32\libg_nano.a(lib_a-findfp.o) (__sread)
c:/mounriver/mrs_community/toolchain/risc-v embedded gcc/bin/../lib/gcc/riscv-none-embed/8.2.0/../../../../riscv-none-embed/lib/rv32imac/ilp32\libg_nano.a(lib_a-wbuf.o)
                              c:/mounriver/mrs_community/toolchain/risc-v embedded gcc/bin/../lib/gcc/riscv-none-embed/8.2.0/../../../../riscv-none-embed/lib/rv32imac/ilp32\libg_nano.a(lib_a-nano-vfprintf.o) (__swbuf_r)
c:/mounriver/mrs_community/toolchain/risc-v embedded gcc/bin/../lib/gcc/riscv-none-embed/8.2.0/../../../../riscv-none-embed/lib/rv32imac/ilp32\libg_nano.a(lib_a-writer.o)
[...]
Memory Configuration

Name             Origin             Length             Attributes
FLASH            0x0000000000000000 0x0000000000048000 xr
RAM              0x0000000020000000 0x0000000000008000 xrw
*default*        0x0000000000000000 0xffffffffffffffff

Linker script and memory map

LOAD ./modbus/tcp/mbtcp.o
LOAD ./modbus/rtu/mbcrc.o
LOAD ./modbus/rtu/mbrtu.o
LOAD ./modbus/port/port.o
LOAD ./modbus/port/portevent.o
LOAD ./modbus/port/portserial.o
LOAD ./modbus/port/porttimer.o
LOAD ./modbus/functions/mbfunccoils.o
LOAD ./modbus/functions/mbfuncdiag.o
LOAD ./modbus/functions/mbfuncdisc.o
LOAD ./modbus/functions/mbfuncholding.o
LOAD ./modbus/functions/mbfuncinput.o
LOAD ./modbus/functions/mbfuncother.o
LOAD ./modbus/functions/mbutils.o
LOAD ./modbus/mb.o
LOAD ./User/ch32v30x_it.o
LOAD ./User/main.o
LOAD ./User/system_ch32v30x.o
LOAD ./Startup/startup_ch32v30x_D8C.o
LOAD ./Peripheral/src/ch32v30x_adc.o
LOAD ./Peripheral/src/ch32v30x_bkp.o
LOAD ./Peripheral/src/ch32v30x_can.o
LOAD ./Peripheral/src/ch32v30x_crc.o
LOAD ./Peripheral/src/ch32v30x_dac.o
LOAD ./Peripheral/src/ch32v30x_dbgmcu.o
LOAD ./Peripheral/src/ch32v30x_dma.o
LOAD ./Peripheral/src/ch32v30x_dvp.o
LOAD ./Peripheral/src/ch32v30x_eth.o
LOAD ./Peripheral/src/ch32v30x_exti.o
LOAD ./Peripheral/src/ch32v30x_flash.o
LOAD ./Peripheral/src/ch32v30x_fsmc.o
LOAD ./Peripheral/src/ch32v30x_gpio.o
LOAD ./Peripheral/src/ch32v30x_i2c.o
LOAD ./Peripheral/src/ch32v30x_iwdg.o
LOAD ./Peripheral/src/ch32v30x_misc.o
LOAD ./Peripheral/src/ch32v30x_opa.o
LOAD ./Peripheral/src/ch32v30x_pwr.o
LOAD ./Peripheral/src/ch32v30x_rcc.o
LOAD ./Peripheral/src/ch32v30x_rng.o
LOAD ./Peripheral/src/ch32v30x_rtc.o
LOAD ./Peripheral/src/ch32v30x_sdio.o
LOAD ./Peripheral/src/ch32v30x_spi.o
LOAD ./Peripheral/src/ch32v30x_tim.o
LOAD ./Peripheral/src/ch32v30x_usart.o
LOAD ./Peripheral/src/ch32v30x_wwdg.o
LOAD ./Debug/debug.o
LOAD ./Core/core_riscv.o
LOAD c:/mounriver/mrs_community/toolchain/risc-v embedded gcc/bin/../lib/gcc/riscv-none-embed/8.2.0/../../../../riscv-none-embed/lib/rv32imac/ilp32\libm.a
LOAD c:/mounriver/mrs_community/toolchain/risc-v embedded gcc/bin/../lib/gcc/riscv-none-embed/8.2.0/rv32imac/ilp32\libgcc.a
LOAD c:/mounriver/mrs_community/toolchain/risc-v embedded gcc/bin/../lib/gcc/riscv-none-embed/8.2.0/../../../../riscv-none-embed/lib/rv32imac/ilp32\libg_nano.a
LOAD c:/mounriver/mrs_community/toolchain/risc-v embedded gcc/bin/../lib/gcc/riscv-none-embed/8.2.0/../../../../riscv-none-embed/lib/rv32imac/ilp32\libc_nano.a
LOAD c:/mounriver/mrs_community/toolchain/risc-v embedded gcc/bin/../lib/gcc/riscv-none-embed/8.2.0/rv32imac/ilp32\libgcc.a
START GROUP
LOAD c:/mounriver/mrs_community/toolchain/risc-v embedded gcc/bin/../lib/gcc/riscv-none-embed/8.2.0/rv32imac/ilp32\libgcc.a
LOAD c:/mounriver/mrs_community/toolchain/risc-v embedded gcc/bin/../lib/gcc/riscv-none-embed/8.2.0/../../../../riscv-none-embed/lib/rv32imac/ilp32\libc_nano.a
LOAD c:/mounriver/mrs_community/toolchain/risc-v embedded gcc/bin/../lib/gcc/riscv-none-embed/8.2.0/../../../../riscv-none-embed/lib/rv32imac/ilp32\libnosys.a
END GROUP
START GROUP
LOAD c:/mounriver/mrs_community/toolchain/risc-v embedded gcc/bin/../lib/gcc/riscv-none-embed/8.2.0/rv32imac/ilp32\libgcc.a
LOAD c:/mounriver/mrs_community/toolchain/risc-v embedded gcc/bin/../lib/gcc/riscv-none-embed/8.2.0/../../../../riscv-none-embed/lib/rv32imac/ilp32\libc_nano.a
LOAD c:/mounriver/mrs_community/toolchain/risc-v embedded gcc/bin/../lib/gcc/riscv-none-embed/8.2.0/../../../../riscv-none-embed/lib/rv32imac/ilp32\libnosys.a
END GROUP
                0x0000000000000800                __stack_size = 0x800
                [!provide]                        PROVIDE (_stack_size = __stack_size)

.init           0x0000000000000000       0x38
                0x0000000000000000                _sinit = .
                0x0000000000000000                . = ALIGN (0x4)
 *(SORT_NONE(.init))
 .init          0x0000000000000000       0x38 ./Startup/startup_ch32v30x_D8C.o
                0x0000000000000000                _start
                0x0000000000000038                . = ALIGN (0x4)
                0x0000000000000038                _einit = .

.vector         0x0000000000000038      0x1c8
 *(.vector)
 .vector        0x0000000000000038      0x1a0 ./Startup/startup_ch32v30x_D8C.o
                0x0000000000000200                . = ALIGN (0x40)
 *fill*         0x00000000000001d8       0x28 

.text           0x0000000000000200     0x2f50
                0x0000000000000200                . = ALIGN (0x4)
 *(.text)
 .text          0x0000000000000200       0x60 c:/mounriver/mrs_community/toolchain/risc-v embedded gcc/bin/../lib/gcc/riscv-none-embed/8.2.0/rv32imac/ilp32\libgcc.a(save-restore.o)
                0x0000000000000200                __riscv_save_12
                0x0000000000000208                __riscv_save_9
                0x0000000000000208                __riscv_save_11
                0x0000000000000208                __riscv_save_10
                0x0000000000000208                __riscv_save_8
                0x0000000000000216                __riscv_save_4
                0x0000000000000216                __riscv_save_6
                0x0000000000000216                __riscv_save_5
                0x0000000000000216                __riscv_save_7
                0x0000000000000230                __riscv_save_3
                0x0000000000000230                __riscv_save_2
                0x0000000000000230                __riscv_save_1
                0x0000000000000230                __riscv_save_0
                0x000000000000023c                __riscv_restore_12
                0x0000000000000240                __riscv_restore_11
                0x0000000000000240                __riscv_restore_9
                0x0000000000000240                __riscv_restore_10
                0x0000000000000240                __riscv_restore_8
                0x000000000000024a                __riscv_restore_5
                0x000000000000024a                __riscv_restore_7
                0x000000000000024a                __riscv_restore_6
                0x000000000000024a                __riscv_restore_4
                0x0000000000000254                __riscv_restore_3
                0x0000000000000254                __riscv_restore_0
                0x0000000000000254                __riscv_restore_2
                0x0000000000000254                __riscv_restore_1
 .text          0x0000000000000260       0xa8 c:/mounriver/mrs_community/toolchain/risc-v embedded gcc/bin/../lib/gcc/riscv-none-embed/8.2.0/../../../../riscv-none-embed/lib/rv32imac/ilp32\libg_nano.a(lib_a-memset.o)
                0x0000000000000260                memset
 *(.text.*)
 .text.usMBCRC16
                0x0000000000000308       0x46 ./modbus/rtu/mbcrc.o
                0x0000000000000308                usMBCRC16
 .text.eMBRTUInit
                0x000000000000034e       0x52 ./modbus/rtu/mbrtu.o
                0x000000000000034e                eMBRTUInit
 .text.eMBRTUStart
                0x00000000000003a0       0x16 ./modbus/rtu/mbrtu.o
                0x00000000000003a0                eMBRTUStart
 .text.eMBRTUStop
                0x00000000000003b6       0x12 ./modbus/rtu/mbrtu.o
                0x00000000000003b6                eMBRTUStop
 .text.eMBRTUReceive
                0x00000000000003c8       0x52 ./modbus/rtu/mbrtu.o
                0x00000000000003c8                eMBRTUReceive
 .text.eMBRTUSend
                0x000000000000041a       0xa4 ./modbus/rtu/mbrtu.o
                0x000000000000041a                eMBRTUSend
 .text.xMBRTUReceiveFSM
                0x00000000000004be       0x9a ./modbus/rtu/mbrtu.o
                0x00000000000004be                xMBRTUReceiveFSM
 .text.xMBRTUTransmitFSM
                0x0000000000000558       0x66 ./modbus/rtu/mbrtu.o
                0x0000000000000558                xMBRTUTransmitFSM
 .text.xMBRTUTimerT35Expired
                0x00000000000005be       0x30 ./modbus/rtu/mbrtu.o
                0x00000000000005be                xMBRTUTimerT35Expired
 .text.ENTER_CRITICAL_SECTION
                0x00000000000005ee        0x8 ./modbus/port/port.o
                0x00000000000005ee                ENTER_CRITICAL_SECTION
 .text.EXIT_CRITICAL_SECTION
                0x00000000000005f6        0xc ./modbus/port/port.o
                0x00000000000005f6                EXIT_CRITICAL_SECTION
 .text.eMBRegHoldingCB
                0x0000000000000602       0x88 ./modbus/port/port.o
                0x0000000000000602                eMBRegHoldingCB
 .text.eMBRegCoilsCB
                0x000000000000068a       0xbc ./modbus/port/port.o
                0x000000000000068a                eMBRegCoilsCB
 .text.xMBPortEventInit
                0x0000000000000746        0x8 ./modbus/port/portevent.o
                0x0000000000000746                xMBPortEventInit
 .text.xMBPortEventPost
                0x000000000000074e        0xe ./modbus/port/portevent.o
                0x000000000000074e                xMBPortEventPost
 .text.xMBPortEventGet
                0x000000000000075c       0x1a ./modbus/port/portevent.o
                0x000000000000075c                xMBPortEventGet
 .text.vMBPortSerialEnable
                0x0000000000000776       0x3c ./modbus/port/portserial.o
                0x0000000000000776                vMBPortSerialEnable
 .text.xMBPortSerialInit
                0x00000000000007b2       0xb8 ./modbus/port/portserial.o
                0x00000000000007b2                xMBPortSerialInit
 .text.xMBPortSerialPutByte
                0x000000000000086a       0x1a ./modbus/port/portserial.o
                0x000000000000086a                xMBPortSerialPutByte
 .text.xMBPortSerialGetByte
                0x0000000000000884       0x1c ./modbus/port/portserial.o
                0x0000000000000884                xMBPortSerialGetByte
 .text.prvvUARTTxReadyISR
                0x00000000000008a0        0xe ./modbus/port/portserial.o
                0x00000000000008a0                prvvUARTTxReadyISR
 .text.prvvUARTRxISR
                0x00000000000008ae        0xe ./modbus/port/portserial.o
                0x00000000000008ae                prvvUARTRxISR
 .text.xMBPortTimersInit
                0x00000000000008bc       0x8e ./modbus/port/porttimer.o
                0x00000000000008bc                xMBPortTimersInit
 .text.vMBPortTimersEnable
                0x000000000000094a       0x36 ./modbus/port/porttimer.o
                0x000000000000094a                vMBPortTimersEnable
 .text.vMBPortTimersDisable
                0x0000000000000980       0x36 ./modbus/port/porttimer.o
                0x0000000000000980                vMBPortTimersDisable
 .text.prvvTIMERExpiredISR
                0x00000000000009b6        0xe ./modbus/port/porttimer.o
                0x00000000000009b6                prvvTIMERExpiredISR
 .text.eMBFuncReadCoils
                0x00000000000009c4       0xb2 ./modbus/functions/mbfunccoils.o
                0x00000000000009c4                eMBFuncReadCoils
 .text.eMBFuncWriteCoil
                0x0000000000000a76       0x76 ./modbus/functions/mbfunccoils.o
                0x0000000000000a76                eMBFuncWriteCoil
 .text.eMBFuncWriteMultipleCoils
                0x0000000000000aec       0x94 ./modbus/functions/mbfunccoils.o
                0x0000000000000aec                eMBFuncWriteMultipleCoils
 .text.eMBFuncWriteHoldingRegister
                0x0000000000000b80       0x48 ./modbus/functions/mbfuncholding.o
                0x0000000000000b80                eMBFuncWriteHoldingRegister
 .text.eMBFuncWriteMultipleHoldingRegister
                0x0000000000000bc8       0x88 ./modbus/functions/mbfuncholding.o
                0x0000000000000bc8                eMBFuncWriteMultipleHoldingRegister
 .text.eMBFuncReadHoldingRegister
                0x0000000000000c50       0x94 ./modbus/functions/mbfuncholding.o
                0x0000000000000c50                eMBFuncReadHoldingRegister
 .text.eMBFuncReadWriteMultipleHoldingRegister
                0x0000000000000ce4      0x106 ./modbus/functions/mbfuncholding.o
                0x0000000000000ce4                eMBFuncReadWriteMultipleHoldingRegister
 .text.eMBFuncReportSlaveID
                0x0000000000000dea       0x22 ./modbus/functions/mbfuncother.o
                0x0000000000000dea                eMBFuncReportSlaveID
 .text.xMBUtilSetBits
                0x0000000000000e0c       0x52 ./modbus/functions/mbutils.o
                0x0000000000000e0c                xMBUtilSetBits
 .text.xMBUtilGetBits
                0x0000000000000e5e       0x28 ./modbus/functions/mbutils.o
                0x0000000000000e5e                xMBUtilGetBits
 .text.prveMBError2Exception
                0x0000000000000e86       0x16 ./modbus/functions/mbutils.o
                0x0000000000000e86                prveMBError2Exception
 .text.eMBInit  0x0000000000000e9c       0xa0 ./modbus/mb.o
                0x0000000000000e9c                eMBInit
 .text.eMBEnable
                0x0000000000000f3c       0x22 ./modbus/mb.o
                0x0000000000000f3c                eMBEnable
 .text.eMBPoll  0x0000000000000f5e       0xfe ./modbus/mb.o
                0x0000000000000f5e                eMBPoll
 .text.NMI_Handler
                0x000000000000105c        0x4 ./User/ch32v30x_it.o
                0x000000000000105c                NMI_Handler
 .text.HardFault_Handler
                0x0000000000001060        0x2 ./User/ch32v30x_it.o
                0x0000000000001060                HardFault_Handler
 .text.SysTick_Handler
                0x0000000000001062       0x24 ./User/ch32v30x_it.o
                0x0000000000001062                SysTick_Handler
 .text.TIM4_IRQHandler
                0x0000000000001086       0x2a ./User/ch32v30x_it.o
                0x0000000000001086                TIM4_IRQHandler
 .text.USART1_IRQHandler
                0x00000000000010b0       0x7e ./User/ch32v30x_it.o
                0x00000000000010b0                USART1_IRQHandler
 .text.GPIO_Config
                0x000000000000112e       0x48 ./User/main.o
                0x000000000000112e                GPIO_Config
 .text.SysTick_Config
                0x0000000000001176       0x2a ./User/main.o
                0x0000000000001176                SysTick_Config
 .text.startup.main
                0x00000000000011a0       0xce ./User/main.o
                0x00000000000011a0                main
 .text.SystemInit
                0x000000000000126e       0xfa ./User/system_ch32v30x.o
                0x000000000000126e                SystemInit
 .text.SystemCoreClockUpdate
                0x0000000000001368       0xbc ./User/system_ch32v30x.o
                0x0000000000001368                SystemCoreClockUpdate
 .text.vector_handler
                0x0000000000001424       0xbe ./Startup/startup_ch32v30x_D8C.o
                0x0000000000001428                Ecall_M_Mode_Handler
                0x000000000000142a                Ecall_U_Mode_Handler
                0x000000000000142c                Break_Point_Handler
                0x0000000000001430                SW_Handler
                0x0000000000001432                WWDG_IRQHandler
                0x0000000000001434                PVD_IRQHandler
                0x0000000000001436                TAMPER_IRQHandler
                0x0000000000001438                RTC_IRQHandler
                0x000000000000143a                FLASH_IRQHandler
                0x000000000000143c                RCC_IRQHandler
                0x000000000000143e                EXTI0_IRQHandler
                0x0000000000001440                EXTI1_IRQHandler
                0x0000000000001442                EXTI2_IRQHandler
                0x0000000000001444                EXTI3_IRQHandler
                0x0000000000001446                EXTI4_IRQHandler
                0x0000000000001448                DMA1_Channel1_IRQHandler
                0x000000000000144a                DMA1_Channel2_IRQHandler
                0x000000000000144c                DMA1_Channel3_IRQHandler
                0x000000000000144e                DMA1_Channel4_IRQHandler
                0x0000000000001450                DMA1_Channel5_IRQHandler
                0x0000000000001452                DMA1_Channel6_IRQHandler
                0x0000000000001454                DMA1_Channel7_IRQHandler
                0x0000000000001456                ADC1_2_IRQHandler
                0x0000000000001458                USB_HP_CAN1_TX_IRQHandler
                0x000000000000145a                USB_LP_CAN1_RX0_IRQHandler
                0x000000000000145c                CAN1_RX1_IRQHandler
                0x000000000000145e                CAN1_SCE_IRQHandler
                0x0000000000001460                EXTI9_5_IRQHandler
                0x0000000000001462                TIM1_BRK_IRQHandler
                0x0000000000001464                TIM1_UP_IRQHandler
                0x0000000000001466                TIM1_TRG_COM_IRQHandler
                0x0000000000001468                TIM1_CC_IRQHandler
                0x000000000000146a                TIM2_IRQHandler
                0x000000000000146c                TIM3_IRQHandler
                0x0000000000001470                I2C1_EV_IRQHandler
                0x0000000000001472                I2C1_ER_IRQHandler
                0x0000000000001474                I2C2_EV_IRQHandler
                0x0000000000001476                I2C2_ER_IRQHandler
                0x0000000000001478                SPI1_IRQHandler
                0x000000000000147a                SPI2_IRQHandler
                0x000000000000147e                USART2_IRQHandler
                0x0000000000001480                USART3_IRQHandler
                0x0000000000001482                EXTI15_10_IRQHandler
                0x0000000000001484                RTCAlarm_IRQHandler
                0x0000000000001486                USBWakeUp_IRQHandler
                0x0000000000001488                TIM8_BRK_IRQHandler
                0x000000000000148a                TIM8_UP_IRQHandler
                0x000000000000148c                TIM8_TRG_COM_IRQHandler
                0x000000000000148e                TIM8_CC_IRQHandler
                0x0000000000001490                RNG_IRQHandler
                0x0000000000001492                FSMC_IRQHandler
                0x0000000000001494                SDIO_IRQHandler
                0x0000000000001496                TIM5_IRQHandler
                0x0000000000001498                SPI3_IRQHandler
                0x000000000000149a                UART4_IRQHandler
                0x000000000000149c                UART5_IRQHandler
                0x000000000000149e                TIM6_IRQHandler
                0x00000000000014a0                TIM7_IRQHandler
                0x00000000000014a2                DMA2_Channel1_IRQHandler
                0x00000000000014a4                DMA2_Channel2_IRQHandler
                0x00000000000014a6                DMA2_Channel3_IRQHandler
                0x00000000000014a8                DMA2_Channel4_IRQHandler
                0x00000000000014aa                DMA2_Channel5_IRQHandler
                0x00000000000014ac                ETH_IRQHandler
                0x00000000000014ae                ETH_WKUP_IRQHandler
                0x00000000000014b0                CAN2_TX_IRQHandler
                0x00000000000014b2                CAN2_RX0_IRQHandler
                0x00000000000014b4                CAN2_RX1_IRQHandler
                0x00000000000014b6                CAN2_SCE_IRQHandler
                0x00000000000014b8                OTG_FS_IRQHandler
                0x00000000000014ba                USBHSWakeup_IRQHandler
                0x00000000000014bc                USBHS_IRQHandler
                0x00000000000014be                DVP_IRQHandler
                0x00000000000014c0                UART6_IRQHandler
                0x00000000000014c2                UART7_IRQHandler
                0x00000000000014c4                UART8_IRQHandler
                0x00000000000014c6                TIM9_BRK_IRQHandler
                0x00000000000014c8                TIM9_UP_IRQHandler
                0x00000000000014ca                TIM9_TRG_COM_IRQHandler
                0x00000000000014cc                TIM9_CC_IRQHandler
                0x00000000000014ce                TIM10_BRK_IRQHandler
                0x00000000000014d0                TIM10_UP_IRQHandler
                0x00000000000014d2                TIM10_TRG_COM_IRQHandler
                0x00000000000014d4                TIM10_CC_IRQHandler
                0x00000000000014d6                DMA2_Channel6_IRQHandler
                0x00000000000014d8                DMA2_Channel7_IRQHandler
                0x00000000000014da                DMA2_Channel8_IRQHandler
                0x00000000000014dc                DMA2_Channel9_IRQHandler
                0x00000000000014de                DMA2_Channel10_IRQHandler
                0x00000000000014e0                DMA2_Channel11_IRQHandler
 .text.handle_reset
                0x00000000000014e2       0x8a ./Startup/startup_ch32v30x_D8C.o
                0x00000000000014e2                handle_reset
 .text.DBGMCU_GetDEVID
                0x000000000000156c        0xa ./Peripheral/src/ch32v30x_dbgmcu.o
                0x000000000000156c                DBGMCU_GetDEVID
 .text.DBGMCU_GetCHIPID
                0x0000000000001576        0xa ./Peripheral/src/ch32v30x_dbgmcu.o
                0x0000000000001576                DBGMCU_GetCHIPID
 .text.GPIO_Init
                0x0000000000001580       0xc2 ./Peripheral/src/ch32v30x_gpio.o
                0x0000000000001580                GPIO_Init
 .text.NVIC_PriorityGroupConfig
                0x0000000000001642        0x6 ./Peripheral/src/ch32v30x_misc.o
                0x0000000000001642                NVIC_PriorityGroupConfig
 .text.NVIC_Init
                0x0000000000001648       0xb8 ./Peripheral/src/ch32v30x_misc.o
                0x0000000000001648                NVIC_Init
 .text.RCC_GetClocksFreq
                0x0000000000001700      0x17e ./Peripheral/src/ch32v30x_rcc.o
                0x0000000000001700                RCC_GetClocksFreq
 .text.RCC_APB2PeriphClockCmd
                0x000000000000187e       0x1e ./Peripheral/src/ch32v30x_rcc.o
                0x000000000000187e                RCC_APB2PeriphClockCmd
 .text.RCC_APB1PeriphClockCmd
                0x000000000000189c       0x1e ./Peripheral/src/ch32v30x_rcc.o
                0x000000000000189c                RCC_APB1PeriphClockCmd
 .text.TIM_TimeBaseInit
                0x00000000000018ba       0xc0 ./Peripheral/src/ch32v30x_tim.o
                0x00000000000018ba                TIM_TimeBaseInit
 .text.TIM_Cmd  0x000000000000197a       0x1c ./Peripheral/src/ch32v30x_tim.o
                0x000000000000197a                TIM_Cmd
 .text.TIM_ITConfig
                0x0000000000001996       0x16 ./Peripheral/src/ch32v30x_tim.o
                0x0000000000001996                TIM_ITConfig
 .text.TIM_ARRPreloadConfig
                0x00000000000019ac       0x1e ./Peripheral/src/ch32v30x_tim.o
                0x00000000000019ac                TIM_ARRPreloadConfig
 .text.TIM_SetCounter
                0x00000000000019ca        0x6 ./Peripheral/src/ch32v30x_tim.o
                0x00000000000019ca                TIM_SetCounter
 .text.TIM_GetITStatus
                0x00000000000019d0       0x1c ./Peripheral/src/ch32v30x_tim.o
                0x00000000000019d0                TIM_GetITStatus
 .text.TIM_ClearITPendingBit
                0x00000000000019ec        0xe ./Peripheral/src/ch32v30x_tim.o
                0x00000000000019ec                TIM_ClearITPendingBit
 .text.USART_Init
                0x00000000000019fa       0xd6 ./Peripheral/src/ch32v30x_usart.o
                0x00000000000019fa                USART_Init
 .text.USART_ClockInit
                0x0000000000001ad0       0x2a ./Peripheral/src/ch32v30x_usart.o
                0x0000000000001ad0                USART_ClockInit
 .text.USART_Cmd
                0x0000000000001afa       0x1c ./Peripheral/src/ch32v30x_usart.o
                0x0000000000001afa                USART_Cmd
 .text.USART_ITConfig
                0x0000000000001b16       0x36 ./Peripheral/src/ch32v30x_usart.o
                0x0000000000001b16                USART_ITConfig
 .text.USART_SendData
                0x0000000000001b4c        0xa ./Peripheral/src/ch32v30x_usart.o
                0x0000000000001b4c                USART_SendData
 .text.USART_ReceiveData
                0x0000000000001b56        0xa ./Peripheral/src/ch32v30x_usart.o
                0x0000000000001b56                USART_ReceiveData
 .text.USART_GetFlagStatus
                0x0000000000001b60        0xc ./Peripheral/src/ch32v30x_usart.o
                0x0000000000001b60                USART_GetFlagStatus
 .text.USART_ClearFlag
                0x0000000000001b6c        0xe ./Peripheral/src/ch32v30x_usart.o
                0x0000000000001b6c                USART_ClearFlag
 .text.USART_GetITStatus
                0x0000000000001b7a       0x44 ./Peripheral/src/ch32v30x_usart.o
                0x0000000000001b7a                USART_GetITStatus
 .text.USART_ClearITPendingBit
                0x0000000000001bbe       0x16 ./Peripheral/src/ch32v30x_usart.o
                0x0000000000001bbe                USART_ClearITPendingBit
 .text.USART_Printf_Init
                0x0000000000001bd4       0x56 ./Debug/debug.o
                0x0000000000001bd4                USART_Printf_Init
 .text._write   0x0000000000001c2a       0x3a ./Debug/debug.o
                0x0000000000001c2a                _write
 .text._sbrk    0x0000000000001c64       0x26 ./Debug/debug.o
                0x0000000000001c64                _sbrk
 .text.memcpy   0x0000000000001c8a       0xb6 c:/mounriver/mrs_community/toolchain/risc-v embedded gcc/bin/../lib/gcc/riscv-none-embed/8.2.0/../../../../riscv-none-embed/lib/rv32imac/ilp32\libg_nano.a(lib_a-memcpy.o)
                0x0000000000001c8a                memcpy
 .text.printf   0x0000000000001d40       0x3e c:/mounriver/mrs_community/toolchain/risc-v embedded gcc/bin/../lib/gcc/riscv-none-embed/8.2.0/../../../../riscv-none-embed/lib/rv32imac/ilp32\libg_nano.a(lib_a-printf.o)
                0x0000000000001d40                iprintf
                0x0000000000001d40                printf
 .text.std      0x0000000000001d7e       0x6a c:/mounriver/mrs_community/toolchain/risc-v embedded gcc/bin/../lib/gcc/riscv-none-embed/8.2.0/../../../../riscv-none-embed/lib/rv32imac/ilp32\libg_nano.a(lib_a-findfp.o)
 .text._cleanup_r
                0x0000000000001de8        0xa c:/mounriver/mrs_community/toolchain/risc-v embedded gcc/bin/../lib/gcc/riscv-none-embed/8.2.0/../../../../riscv-none-embed/lib/rv32imac/ilp32\libg_nano.a(lib_a-findfp.o)
                0x0000000000001de8                _cleanup_r
 .text.__sfmoreglue
                0x0000000000001df2       0x46 c:/mounriver/mrs_community/toolchain/risc-v embedded gcc/bin/../lib/gcc/riscv-none-embed/8.2.0/../../../../riscv-none-embed/lib/rv32imac/ilp32\libg_nano.a(lib_a-findfp.o)
                0x0000000000001df2                __sfmoreglue
 .text.__sinit  0x0000000000001e38       0x66 c:/mounriver/mrs_community/toolchain/risc-v embedded gcc/bin/../lib/gcc/riscv-none-embed/8.2.0/../../../../riscv-none-embed/lib/rv32imac/ilp32\libg_nano.a(lib_a-findfp.o)
                0x0000000000001e38                __sinit
 .text.__sfp    0x0000000000001e9e       0x9c c:/mounriver/mrs_community/toolchain/risc-v embedded gcc/bin/../lib/gcc/riscv-none-embed/8.2.0/../../../../riscv-none-embed/lib/rv32imac/ilp32\libg_nano.a(lib_a-findfp.o)
                0x0000000000001e9e                __sfp
 .text._fwalk_reent
                0x0000000000001f3a       0x6c c:/mounriver/mrs_community/toolchain/risc-v embedded gcc/bin/../lib/gcc/riscv-none-embed/8.2.0/../../../../riscv-none-embed/lib/rv32imac/ilp32\libg_nano.a(lib_a-fwalk.o)
                0x0000000000001f3a                _fwalk_reent
 .text._malloc_r
                0x0000000000001fa6       0xd4 c:/mounriver/mrs_community/toolchain/risc-v embedded gcc/bin/../lib/gcc/riscv-none-embed/8.2.0/../../../../riscv-none-embed/lib/rv32imac/ilp32\libg_nano.a(lib_a-nano-mallocr.o)
                0x0000000000001fa6                _malloc_r
 .text.__sfputc_r
                0x000000000000207a       0x28 c:/mounriver/mrs_community/toolchain/risc-v embedded gcc/bin/../lib/gcc/riscv-none-embed/8.2.0/../../../../riscv-none-embed/lib/rv32imac/ilp32\libg_nano.a(lib_a-nano-vfprintf.o)
 .text.__sfputs_r
                0x00000000000020a2       0x42 c:/mounriver/mrs_community/toolchain/risc-v embedded gcc/bin/../lib/gcc/riscv-none-embed/8.2.0/../../../../riscv-none-embed/lib/rv32imac/ilp32\libg_nano.a(lib_a-nano-vfprintf.o)
                0x00000000000020a2                __sfputs_r
 .text._vfprintf_r
                0x00000000000020e4      0x29c c:/mounriver/mrs_community/toolchain/risc-v embedded gcc/bin/../lib/gcc/riscv-none-embed/8.2.0/../../../../riscv-none-embed/lib/rv32imac/ilp32\libg_nano.a(lib_a-nano-vfprintf.o)
                0x00000000000020e4                _vfprintf_r
                0x00000000000020e4                _vfiprintf_r
 .text._printf_common
                0x0000000000002380      0x10c c:/mounriver/mrs_community/toolchain/risc-v embedded gcc/bin/../lib/gcc/riscv-none-embed/8.2.0/../../../../riscv-none-embed/lib/rv32imac/ilp32\libg_nano.a(lib_a-nano-vfprintf_i.o)
                0x0000000000002380                _printf_common
 .text._printf_i
                0x000000000000248c      0x2aa c:/mounriver/mrs_community/toolchain/risc-v embedded gcc/bin/../lib/gcc/riscv-none-embed/8.2.0/../../../../riscv-none-embed/lib/rv32imac/ilp32\libg_nano.a(lib_a-nano-vfprintf_i.o)
                0x000000000000248c                _printf_i
 .text._sbrk_r  0x0000000000002736       0x2a c:/mounriver/mrs_community/toolchain/risc-v embedded gcc/bin/../lib/gcc/riscv-none-embed/8.2.0/../../../../riscv-none-embed/lib/rv32imac/ilp32\libg_nano.a(lib_a-sbrkr.o)
                0x0000000000002736                _sbrk_r
 .text.__sread  0x0000000000002760       0x30 c:/mounriver/mrs_community/toolchain/risc-v embedded gcc/bin/../lib/gcc/riscv-none-embed/8.2.0/../../../../riscv-none-embed/lib/rv32imac/ilp32\libg_nano.a(lib_a-stdio.o)
                0x0000000000002760                __sread
 .text.__swrite
                0x0000000000002790       0x4e c:/mounriver/mrs_community/toolchain/risc-v embedded gcc/bin/../lib/gcc/riscv-none-embed/8.2.0/../../../../riscv-none-embed/lib/rv32imac/ilp32\libg_nano.a(lib_a-stdio.o)
                0x0000000000002790                __swrite
 .text.__sseek  0x00000000000027de       0x36 c:/mounriver/mrs_community/toolchain/risc-v embedded gcc/bin/../lib/gcc/riscv-none-embed/8.2.0/../../../../riscv-none-embed/lib/rv32imac/ilp32\libg_nano.a(lib_a-stdio.o)
                0x00000000000027de                __sseek
 .text.__sclose
                0x0000000000002814        0x6 c:/mounriver/mrs_community/toolchain/risc-v embedded gcc/bin/../lib/gcc/riscv-none-embed/8.2.0/../../../../riscv-none-embed/lib/rv32imac/ilp32\libg_nano.a(lib_a-stdio.o)
                0x0000000000002814                __sclose
 .text.__swbuf_r
                0x000000000000281a       0xc2 c:/mounriver/mrs_community/toolchain/risc-v embedded gcc/bin/../lib/gcc/riscv-none-embed/8.2.0/../../../../riscv-none-embed/lib/rv32imac/ilp32\libg_nano.a(lib_a-wbuf.o)
                0x000000000000281a                __swbuf_r
 .text._write_r
                0x00000000000028dc       0x2e c:/mounriver/mrs_community/toolchain/risc-v embedded gcc/bin/../lib/gcc/riscv-none-embed/8.2.0/../../../../riscv-none-embed/lib/rv32imac/ilp32\libg_nano.a(lib_a-writer.o)
                0x00000000000028dc                _write_r
 .text.__swsetup_r
                0x000000000000290a      0x10e c:/mounriver/mrs_community/toolchain/risc-v embedded gcc/bin/../lib/gcc/riscv-none-embed/8.2.0/../../../../riscv-none-embed/lib/rv32imac/ilp32\libg_nano.a(lib_a-wsetup.o)
                0x000000000000290a                __swsetup_r
 .text._close_r
                0x0000000000002a18       0x28 c:/mounriver/mrs_community/toolchain/risc-v embedded gcc/bin/../lib/gcc/riscv-none-embed/8.2.0/../../../../riscv-none-embed/lib/rv32imac/ilp32\libg_nano.a(lib_a-closer.o)
                0x0000000000002a18                _close_r
 .text.__sflush_r
                0x0000000000002a40      0x13c c:/mounriver/mrs_community/toolchain/risc-v embedded gcc/bin/../lib/gcc/riscv-none-embed/8.2.0/../../../../riscv-none-embed/lib/rv32imac/ilp32\libg_nano.a(lib_a-fflush.o)
                0x0000000000002a40                __sflush_r
 .text._fflush_r
                0x0000000000002b7c       0x66 c:/mounriver/mrs_community/toolchain/risc-v embedded gcc/bin/../lib/gcc/riscv-none-embed/8.2.0/../../../../riscv-none-embed/lib/rv32imac/ilp32\libg_nano.a(lib_a-fflush.o)
                0x0000000000002b7c                _fflush_r
 .text._lseek_r
                0x0000000000002be2       0x2c c:/mounriver/mrs_community/toolchain/risc-v embedded gcc/bin/../lib/gcc/riscv-none-embed/8.2.0/../../../../riscv-none-embed/lib/rv32imac/ilp32\libg_nano.a(lib_a-lseekr.o)
                0x0000000000002be2                _lseek_r
 .text.__swhatbuf_r
                0x0000000000002c0e       0x58 c:/mounriver/mrs_community/toolchain/risc-v embedded gcc/bin/../lib/gcc/riscv-none-embed/8.2.0/../../../../riscv-none-embed/lib/rv32imac/ilp32\libg_nano.a(lib_a-makebuf.o)
                0x0000000000002c0e                __swhatbuf_r
 .text.__smakebuf_r
                0x0000000000002c66       0x9e c:/mounriver/mrs_community/toolchain/risc-v embedded gcc/bin/../lib/gcc/riscv-none-embed/8.2.0/../../../../riscv-none-embed/lib/rv32imac/ilp32\libg_nano.a(lib_a-makebuf.o)
                0x0000000000002c66                __smakebuf_r
 .text.memchr   0x0000000000002d04       0x1a c:/mounriver/mrs_community/toolchain/risc-v embedded gcc/bin/../lib/gcc/riscv-none-embed/8.2.0/../../../../riscv-none-embed/lib/rv32imac/ilp32\libg_nano.a(lib_a-memchr.o)
                0x0000000000002d04                memchr
 .text.__malloc_lock
                0x0000000000002d1e        0x2 c:/mounriver/mrs_community/toolchain/risc-v embedded gcc/bin/../lib/gcc/riscv-none-embed/8.2.0/../../../../riscv-none-embed/lib/rv32imac/ilp32\libg_nano.a(lib_a-mlock.o)
                0x0000000000002d1e                __malloc_lock
 .text.__malloc_unlock
                0x0000000000002d20        0x2 c:/mounriver/mrs_community/toolchain/risc-v embedded gcc/bin/../lib/gcc/riscv-none-embed/8.2.0/../../../../riscv-none-embed/lib/rv32imac/ilp32\libg_nano.a(lib_a-mlock.o)
                0x0000000000002d20                __malloc_unlock
 .text._free_r  0x0000000000002d22       0xa4 c:/mounriver/mrs_community/toolchain/risc-v embedded gcc/bin/../lib/gcc/riscv-none-embed/8.2.0/../../../../riscv-none-embed/lib/rv32imac/ilp32\libg_nano.a(lib_a-nano-freer.o)
                0x0000000000002d22                _free_r
 .text._read_r  0x0000000000002dc6       0x2c c:/mounriver/mrs_community/toolchain/risc-v embedded gcc/bin/../lib/gcc/riscv-none-embed/8.2.0/../../../../riscv-none-embed/lib/rv32imac/ilp32\libg_nano.a(lib_a-readr.o)
                0x0000000000002dc6                _read_r
 .text._fstat_r
                0x0000000000002df2       0x2a c:/mounriver/mrs_community/toolchain/risc-v embedded gcc/bin/../lib/gcc/riscv-none-embed/8.2.0/../../../../riscv-none-embed/lib/rv32imac/ilp32\libg_nano.a(lib_a-fstatr.o)
                0x0000000000002df2                _fstat_r
 .text._isatty_r
                0x0000000000002e1c       0x28 c:/mounriver/mrs_community/toolchain/risc-v embedded gcc/bin/../lib/gcc/riscv-none-embed/8.2.0/../../../../riscv-none-embed/lib/rv32imac/ilp32\libg_nano.a(lib_a-isattyr.o)
                0x0000000000002e1c                _isatty_r
 .text._close   0x0000000000002e44        0xc c:/mounriver/mrs_community/toolchain/risc-v embedded gcc/bin/../lib/gcc/riscv-none-embed/8.2.0/../../../../riscv-none-embed/lib/rv32imac/ilp32\libnosys.a(close.o)
                0x0000000000002e44                _close
 .text._fstat   0x0000000000002e50        0xc c:/mounriver/mrs_community/toolchain/risc-v embedded gcc/bin/../lib/gcc/riscv-none-embed/8.2.0/../../../../riscv-none-embed/lib/rv32imac/ilp32\libnosys.a(fstat.o)
                0x0000000000002e50                _fstat
 .text._isatty  0x0000000000002e5c        0xc c:/mounriver/mrs_community/toolchain/risc-v embedded gcc/bin/../lib/gcc/riscv-none-embed/8.2.0/../../../../riscv-none-embed/lib/rv32imac/ilp32\libnosys.a(isatty.o)
                0x0000000000002e5c                _isatty
 .text._lseek   0x0000000000002e68        0xc c:/mounriver/mrs_community/toolchain/risc-v embedded gcc/bin/../lib/gcc/riscv-none-embed/8.2.0/../../../../riscv-none-embed/lib/rv32imac/ilp32\libnosys.a(lseek.o)
                0x0000000000002e68                _lseek
 .text._read    0x0000000000002e74        0xc c:/mounriver/mrs_community/toolchain/risc-v embedded gcc/bin/../lib/gcc/riscv-none-embed/8.2.0/../../../../riscv-none-embed/lib/rv32imac/ilp32\libnosys.a(read.o)
                0x0000000000002e74                _read
 *(.rodata)
 *(.rodata*)
 .rodata.aucCRCHi
                0x0000000000002e80      0x100 ./modbus/rtu/mbcrc.o
 .rodata.aucCRCLo
                0x0000000000002f80      0x100 ./modbus/rtu/mbcrc.o
 .rodata.main.str1.4
                0x0000000000003080       0x33 ./User/main.o
 *fill*         0x00000000000030b3        0x1 
 .rodata.__sf_fake_stderr
                0x00000000000030b4       0x20 c:/mounriver/mrs_community/toolchain/risc-v embedded gcc/bin/../lib/gcc/riscv-none-embed/8.2.0/../../../../riscv-none-embed/lib/rv32imac/ilp32\libg_nano.a(lib_a-findfp.o)
                0x00000000000030b4                __sf_fake_stderr
 .rodata.__sf_fake_stdin
                0x00000000000030d4       0x20 c:/mounriver/mrs_community/toolchain/risc-v embedded gcc/bin/../lib/gcc/riscv-none-embed/8.2.0/../../../../riscv-none-embed/lib/rv32imac/ilp32\libg_nano.a(lib_a-findfp.o)
                0x00000000000030d4                __sf_fake_stdin
 .rodata.__sf_fake_stdout
                0x00000000000030f4       0x20 c:/mounriver/mrs_community/toolchain/risc-v embedded gcc/bin/../lib/gcc/riscv-none-embed/8.2.0/../../../../riscv-none-embed/lib/rv32imac/ilp32\libg_nano.a(lib_a-findfp.o)
                0x00000000000030f4                __sf_fake_stdout
 .rodata._vfprintf_r.str1.4
                0x0000000000003114       0x13 c:/mounriver/mrs_community/toolchain/risc-v embedded gcc/bin/../lib/gcc/riscv-none-embed/8.2.0/../../../../riscv-none-embed/lib/rv32imac/ilp32\libg_nano.a(lib_a-nano-vfprintf.o)
 *fill*         0x0000000000003127        0x1 
 .rodata._printf_i.str1.4
                0x0000000000003128       0x28 c:/mounriver/mrs_community/toolchain/risc-v embedded gcc/bin/../lib/gcc/riscv-none-embed/8.2.0/../../../../riscv-none-embed/lib/rv32imac/ilp32\libg_nano.a(lib_a-nano-vfprintf_i.o)
                                         0x25 (size before relaxing)
 *(.gnu.linkonce.t.*)
                0x0000000000003150                . = ALIGN (0x4)

.rela.dyn       0x0000000000003150        0x0
 .rela.init     0x0000000000003150        0x0 ./modbus/rtu/mbcrc.o
 .rela.vector   0x0000000000003150        0x0 ./modbus/rtu/mbcrc.o
 .rela.text.handle_reset
                0x0000000000003150        0x0 ./modbus/rtu/mbcrc.o
 .rela.text._sbrk
                0x0000000000003150        0x0 ./modbus/rtu/mbcrc.o
 .rela.sdata.curbrk.5218
                0x0000000000003150        0x0 ./modbus/rtu/mbcrc.o
 .rela.text._vfprintf_r
                0x0000000000003150        0x0 ./modbus/rtu/mbcrc.o
 .rela.text._sbrk_r
                0x0000000000003150        0x0 ./modbus/rtu/mbcrc.o
 .rela.text._write_r
                0x0000000000003150        0x0 ./modbus/rtu/mbcrc.o
 .rela.text._close_r
                0x0000000000003150        0x0 ./modbus/rtu/mbcrc.o
 .rela.text._lseek_r
                0x0000000000003150        0x0 ./modbus/rtu/mbcrc.o
 .rela.text._read_r
                0x0000000000003150        0x0 ./modbus/rtu/mbcrc.o
 .rela.text._fstat_r
                0x0000000000003150        0x0 ./modbus/rtu/mbcrc.o
 .rela.text._isatty_r
                0x0000000000003150        0x0 ./modbus/rtu/mbcrc.o
 .rela.text._close
                0x0000000000003150        0x0 ./modbus/rtu/mbcrc.o
 .rela.text._fstat
                0x0000000000003150        0x0 ./modbus/rtu/mbcrc.o
 .rela.text._isatty
                0x0000000000003150        0x0 ./modbus/rtu/mbcrc.o
 .rela.text._lseek
                0x0000000000003150        0x0 ./modbus/rtu/mbcrc.o
 .rela.text._read
                0x0000000000003150        0x0 ./modbus/rtu/mbcrc.o

.fini           0x0000000000003150        0x0
 *(SORT_NONE(.fini))
                0x0000000000003150                . = ALIGN (0x4)
                [!provide]                        PROVIDE (_etext = .)
                [!provide]                        PROVIDE (_eitcm = .)

.preinit_array  0x0000000000003150        0x0
                [!provide]                        PROVIDE (__preinit_array_start = .)
 *(.preinit_array)
                [!provide]                        PROVIDE (__preinit_array_end = .)

.init_array     0x0000000000003150        0x0
                [!provide]                        PROVIDE (__init_array_start = .)
 *(SORT_BY_INIT_PRIORITY(.init_array.*) SORT_BY_INIT_PRIORITY(.ctors.*))
 *(.init_array EXCLUDE_FILE(*crtend?.o *crtend.o *crtbegin?.o *crtbegin.o) .ctors)
                [!provide]                        PROVIDE (__init_array_end = .)

.fini_array     0x0000000000003150        0x0
                [!provide]                        PROVIDE (__fini_array_start = .)
 *(SORT_BY_INIT_PRIORITY(.fini_array.*) SORT_BY_INIT_PRIORITY(.dtors.*))
 *(.fini_array EXCLUDE_FILE(*crtend?.o *crtend.o *crtbegin?.o *crtbegin.o) .dtors)
                [!provide]                        PROVIDE (__fini_array_end = .)

.ctors
 *crtbegin.o(.ctors)
 *crtbegin?.o(.ctors)
 *(EXCLUDE_FILE(*crtend?.o *crtend.o) .ctors)
 *(SORT_BY_NAME(.ctors.*))
 *(.ctors)

.dtors
 *crtbegin.o(.dtors)
 *crtbegin?.o(.dtors)
 *(EXCLUDE_FILE(*crtend?.o *crtend.o) .dtors)
 *(SORT_BY_NAME(.dtors.*))
 *(.dtors)

.dalign         0x0000000020000000        0x0 load address 0x0000000000003150
                0x0000000020000000                . = ALIGN (0x4)
                0x0000000020000000                PROVIDE (_data_vma = .)

.dlalign        0x0000000000003150        0x0
                0x0000000000003150                . = ALIGN (0x4)
                0x0000000000003150                PROVIDE (_data_lma = .)

.data           0x0000000020000000      0x128 load address 0x0000000000003150
 *(.gnu.linkonce.r.*)
 *(.data .data.*)
 .data.xFuncHandlers
                0x0000000020000000       0x80 ./modbus/mb.o
 .data.AHBPrescTable
                0x0000000020000080       0x10 ./User/system_ch32v30x.o
                0x0000000020000080                AHBPrescTable
 .data.APBAHBPrescTable
                0x0000000020000090       0x10 ./Peripheral/src/ch32v30x_rcc.o
 .data.impure_data
                0x00000000200000a0       0x60 c:/mounriver/mrs_community/toolchain/risc-v embedded gcc/bin/../lib/gcc/riscv-none-embed/8.2.0/../../../../riscv-none-embed/lib/rv32imac/ilp32\libg_nano.a(lib_a-impure.o)
 *(.gnu.linkonce.d.*)
                0x0000000020000100                . = ALIGN (0x8)
                0x0000000020000900                PROVIDE (__global_pointer$ = (. + 0x800))
 *(.sdata .sdata.*)
 .sdata.REG_COIL_NREGS
                0x0000000020000100        0x1 ./modbus/port/port.o
                0x0000000020000100                REG_COIL_NREGS
 .sdata.REG_HOLDING_NREGS
                0x0000000020000101        0x1 ./modbus/port/port.o
                0x0000000020000101                REG_HOLDING_NREGS
 *fill*         0x0000000020000102        0x2 
 .sdata.eMBState
                0x0000000020000104        0x4 ./modbus/mb.o
 .sdata.SystemCoreClock
                0x0000000020000108        0x4 ./User/system_ch32v30x.o
                0x0000000020000108                SystemCoreClock
 .sdata.ADCPrescTable
                0x000000002000010c        0x4 ./Peripheral/src/ch32v30x_rcc.o
 .sdata.curbrk.5218
                0x0000000020000110        0x4 ./Debug/debug.o
 .sdata._impure_ptr
                0x0000000020000114        0x4 c:/mounriver/mrs_community/toolchain/risc-v embedded gcc/bin/../lib/gcc/riscv-none-embed/8.2.0/../../../../riscv-none-embed/lib/rv32imac/ilp32\libg_nano.a(lib_a-impure.o)
                0x0000000020000114                _impure_ptr
 *(.sdata2.*)
 .sdata2.CSWTCH.5
                0x0000000020000118        0x8 ./modbus/functions/mbutils.o
 .sdata2._global_impure_ptr
                0x0000000020000120        0x4 c:/mounriver/mrs_community/toolchain/risc-v embedded gcc/bin/../lib/gcc/riscv-none-embed/8.2.0/../../../../riscv-none-embed/lib/rv32imac/ilp32\libg_nano.a(lib_a-impure.o)
                0x0000000020000120                _global_impure_ptr
 *(.gnu.linkonce.s.*)
                0x0000000020000128                . = ALIGN (0x8)
 *fill*         0x0000000020000124        0x4 
 *(.srodata.cst16)
 *(.srodata.cst8)
 *(.srodata.cst4)
 *(.srodata.cst2)
 *(.srodata .srodata.*)
                0x0000000020000128                . = ALIGN (0x4)
                0x0000000020000128                PROVIDE (_edata = .)

.bss            0x0000000020000128      0x25c load address 0x0000000000003278
                0x0000000020000128                . = ALIGN (0x4)
                0x0000000020000128                PROVIDE (_sbss = .)
 *(.sbss*)
 .sbss.eRcvState
                0x0000000020000128        0x4 ./modbus/rtu/mbrtu.o
 .sbss.eSndState
                0x000000002000012c        0x4 ./modbus/rtu/mbrtu.o
 .sbss.pucSndBufferCur
                0x0000000020000130        0x4 ./modbus/rtu/mbrtu.o
 .sbss.usRcvBufferPos
                0x0000000020000134        0x2 ./modbus/rtu/mbrtu.o
 .sbss.usSndBufferCount
                0x0000000020000136        0x2 ./modbus/rtu/mbrtu.o
 .sbss.REG_COIL_START
                0x0000000020000138        0x1 ./modbus/port/port.o
                0x0000000020000138                REG_COIL_START
 .sbss.REG_HOLDING_START
                0x0000000020000139        0x1 ./modbus/port/port.o
                0x0000000020000139                REG_HOLDING_START
 .sbss.usRegHoldingStart
                0x000000002000013a        0x1 ./modbus/port/port.o
                0x000000002000013a                usRegHoldingStart
 *fill*         0x000000002000013b        0x1 
 .sbss.eQueuedEvent
                0x000000002000013c        0x4 ./modbus/port/portevent.o
 .sbss.xEventInQueue
                0x0000000020000140        0x1 ./modbus/port/portevent.o
 *fill*         0x0000000020000141        0x1 
 .sbss.usMBSlaveIDLen
                0x0000000020000142        0x2 ./modbus/functions/mbfuncother.o
 .sbss.eException.5464
                0x0000000020000144        0x4 ./modbus/mb.o
 .sbss.peMBFrameReceiveCur
                0x0000000020000148        0x4 ./modbus/mb.o
 .sbss.peMBFrameSendCur
                0x000000002000014c        0x4 ./modbus/mb.o
 .sbss.pvMBFrameCloseCur
                0x0000000020000150        0x4 ./modbus/mb.o
 .sbss.pvMBFrameStartCur
                0x0000000020000154        0x4 ./modbus/mb.o
 .sbss.pvMBFrameStopCur
                0x0000000020000158        0x4 ./modbus/mb.o
 .sbss.pxMBFrameCBByteReceived
                0x000000002000015c        0x4 ./modbus/mb.o
                0x000000002000015c                pxMBFrameCBByteReceived
 .sbss.pxMBFrameCBTransmitterEmpty
                0x0000000020000160        0x4 ./modbus/mb.o
                0x0000000020000160                pxMBFrameCBTransmitterEmpty
 .sbss.pxMBPortCBTimerExpired
                0x0000000020000164        0x4 ./modbus/mb.o
                0x0000000020000164                pxMBPortCBTimerExpired
 .sbss.ucFunctionCode.5462
                0x0000000020000168        0x1 ./modbus/mb.o
 .sbss.ucMBAddress
                0x0000000020000169        0x1 ./modbus/mb.o
 *fill*         0x000000002000016a        0x2 
 .sbss.ucMBFrame.5460
                0x000000002000016c        0x4 ./modbus/mb.o
 .sbss.ucRcvAddress.5461
                0x0000000020000170        0x1 ./modbus/mb.o
 *fill*         0x0000000020000171        0x1 
 .sbss.usLength.5463
                0x0000000020000172        0x2 ./modbus/mb.o
 .sbss.Modbus_Request_Flag
                0x0000000020000174        0x1 ./User/main.o
                0x0000000020000174                Modbus_Request_Flag
 *fill*         0x0000000020000175        0x3 
 .sbss.TimingDelay
                0x0000000020000178        0x4 ./User/main.o
                0x0000000020000178                TimingDelay
 .sbss.NVIC_Priority_Group
                0x000000002000017c        0x4 ./Peripheral/src/ch32v30x_misc.o
                0x000000002000017c                NVIC_Priority_Group
 .sbss.__malloc_free_list
                0x0000000020000180        0x4 c:/mounriver/mrs_community/toolchain/risc-v embedded gcc/bin/../lib/gcc/riscv-none-embed/8.2.0/../../../../riscv-none-embed/lib/rv32imac/ilp32\libg_nano.a(lib_a-nano-mallocr.o)
                0x0000000020000180                __malloc_free_list
 .sbss.__malloc_sbrk_start
                0x0000000020000184        0x4 c:/mounriver/mrs_community/toolchain/risc-v embedded gcc/bin/../lib/gcc/riscv-none-embed/8.2.0/../../../../riscv-none-embed/lib/rv32imac/ilp32\libg_nano.a(lib_a-nano-mallocr.o)
                0x0000000020000184                __malloc_sbrk_start
 *(.gnu.linkonce.sb.*)
 *(.bss*)
 .bss.ucRTUBuf  0x0000000020000188      0x100 ./modbus/rtu/mbrtu.o
                0x0000000020000188                ucRTUBuf
 .bss.ucMBSlaveID
                0x0000000020000288       0x20 ./modbus/functions/mbfuncother.o
 .bss.usRegCoilBuf
                0x00000000200002a8        0x9 ./User/main.o
                0x00000000200002a8                usRegCoilBuf
 *fill*         0x00000000200002b1        0x3 
 .bss.usRegHoldingBuf
                0x00000000200002b4       0xca ./User/main.o
                0x00000000200002b4                usRegHoldingBuf
 *(.gnu.linkonce.b.*)
 *(COMMON*)
 *fill*         0x000000002000037e        0x2 
 COMMON         0x0000000020000380        0x4 c:/mounriver/mrs_community/toolchain/risc-v embedded gcc/bin/../lib/gcc/riscv-none-embed/8.2.0/../../../../riscv-none-embed/lib/rv32imac/ilp32\libg_nano.a(lib_a-reent.o)
                0x0000000020000380                errno
                0x0000000020000384                . = ALIGN (0x4)
                0x0000000020000384                PROVIDE (_ebss = .)
                0x0000000020000384                PROVIDE (_end = _ebss)
                [!provide]                        PROVIDE (end = .)

.stack          0x0000000020007800      0x800
                0x0000000020007800                PROVIDE (_heap_end = .)
                0x0000000020007800                . = ALIGN (0x4)
                [!provide]                        PROVIDE (_susrstack = .)
                0x0000000020008000                . = (. + __stack_size)
 *fill*         0x0000000020007800      0x800 
                0x0000000020008000                PROVIDE (_eusrstack = .)
OUTPUT(CH32V307ModbusRTU.elf elf32-littleriscv)

.debug_info     0x0000000000000000    0x153f6
 .debug_info    0x0000000000000000      0xa1d ./modbus/rtu/mbcrc.o
 .debug_info    0x0000000000000a1d      0xf9d ./modbus/rtu/mbrtu.o
 .debug_info    0x00000000000019ba      0xd1f ./modbus/port/port.o
 .debug_info    0x00000000000026d9      0xa6a ./modbus/port/portevent.o
 .debug_info    0x0000000000003143     0x1263 ./modbus/port/portserial.o
 .debug_info    0x00000000000043a6     0x11b8 ./modbus/port/porttimer.o
 .debug_info    0x000000000000555e      0xce0 ./modbus/functions/mbfunccoils.o
 .debug_info    0x000000000000623e      0xdb0 ./modbus/functions/mbfuncholding.o
 .debug_info    0x0000000000006fee      0xbb6 ./modbus/functions/mbfuncother.o
 .debug_info    0x0000000000007ba4      0xbe0 ./modbus/functions/mbutils.o
 .debug_info    0x0000000000008784      0xfec ./modbus/mb.o
 .debug_info    0x0000000000009770      0xf10 ./User/ch32v30x_it.o
 .debug_info    0x000000000000a680     0x1472 ./User/main.o
 .debug_info    0x000000000000baf2      0xb89 ./User/system_ch32v30x.o
 .debug_info    0x000000000000c67b       0x22 ./Startup/startup_ch32v30x_D8C.o
 .debug_info    0x000000000000c69d      0xa94 ./Peripheral/src/ch32v30x_dbgmcu.o
 .debug_info    0x000000000000d131     0x1093 ./Peripheral/src/ch32v30x_gpio.o
 .debug_info    0x000000000000e1c4      0xf72 ./Peripheral/src/ch32v30x_misc.o
 .debug_info    0x000000000000f136     0x156e ./Peripheral/src/ch32v30x_rcc.o
 .debug_info    0x00000000000106a4     0x2a16 ./Peripheral/src/ch32v30x_tim.o
 .debug_info    0x00000000000130ba     0x1420 ./Peripheral/src/ch32v30x_usart.o
 .debug_info    0x00000000000144da      0xf1c ./Debug/debug.o

.debug_abbrev   0x0000000000000000     0x3bf5
 .debug_abbrev  0x0000000000000000      0x206 ./modbus/rtu/mbcrc.o
 .debug_abbrev  0x0000000000000206      0x2e3 ./modbus/rtu/mbrtu.o
 .debug_abbrev  0x00000000000004e9      0x31f ./modbus/port/port.o
 .debug_abbrev  0x0000000000000808      0x247 ./modbus/port/portevent.o
 .debug_abbrev  0x0000000000000a4f      0x2c7 ./modbus/port/portserial.o
 .debug_abbrev  0x0000000000000d16      0x2d8 ./modbus/port/porttimer.o
 .debug_abbrev  0x0000000000000fee      0x275 ./modbus/functions/mbfunccoils.o
 .debug_abbrev  0x0000000000001263      0x264 ./modbus/functions/mbfuncholding.o
 .debug_abbrev  0x00000000000014c7      0x253 ./modbus/functions/mbfuncother.o
 .debug_abbrev  0x000000000000171a      0x267 ./modbus/functions/mbutils.o
 .debug_abbrev  0x0000000000001981      0x323 ./modbus/mb.o
 .debug_abbrev  0x0000000000001ca4      0x28c ./User/ch32v30x_it.o
 .debug_abbrev  0x0000000000001f30      0x394 ./User/main.o
 .debug_abbrev  0x00000000000022c4      0x2c0 ./User/system_ch32v30x.o
 .debug_abbrev  0x0000000000002584       0x12 ./Startup/startup_ch32v30x_D8C.o
 .debug_abbrev  0x0000000000002596      0x2f7 ./Peripheral/src/ch32v30x_dbgmcu.o
 .debug_abbrev  0x000000000000288d      0x309 ./Peripheral/src/ch32v30x_gpio.o
 .debug_abbrev  0x0000000000002b96      0x2fb ./Peripheral/src/ch32v30x_misc.o
 .debug_abbrev  0x0000000000002e91      0x351 ./Peripheral/src/ch32v30x_rcc.o
 .debug_abbrev  0x00000000000031e2      0x408 ./Peripheral/src/ch32v30x_tim.o
 .debug_abbrev  0x00000000000035ea      0x312 ./Peripheral/src/ch32v30x_usart.o
 .debug_abbrev  0x00000000000038fc      0x2f9 ./Debug/debug.o

.debug_loc      0x0000000000000000     0x5147
 .debug_loc     0x0000000000000000       0x9d ./modbus/rtu/mbcrc.o
 .debug_loc     0x000000000000009d      0x2a5 ./modbus/rtu/mbrtu.o
 .debug_loc     0x0000000000000342      0x308 ./modbus/port/port.o
 .debug_loc     0x000000000000064a       0x6e ./modbus/port/portevent.o
 .debug_loc     0x00000000000006b8      0x102 ./modbus/port/portserial.o
 .debug_loc     0x00000000000007ba       0x40 ./modbus/port/porttimer.o
 .debug_loc     0x00000000000007fa      0x4bb ./modbus/functions/mbfunccoils.o
 .debug_loc     0x0000000000000cb5      0x64c ./modbus/functions/mbfuncholding.o
 .debug_loc     0x0000000000001301       0xea ./modbus/functions/mbfuncother.o
 .debug_loc     0x00000000000013eb      0x36b ./modbus/functions/mbutils.o
 .debug_loc     0x0000000000001756      0x2b6 ./modbus/mb.o
 .debug_loc     0x0000000000001a0c      0x155 ./User/main.o
 .debug_loc     0x0000000000001b61       0xda ./User/system_ch32v30x.o
 .debug_loc     0x0000000000001c3b       0x7c ./Peripheral/src/ch32v30x_dbgmcu.o
 .debug_loc     0x0000000000001cb7      0x657 ./Peripheral/src/ch32v30x_gpio.o
 .debug_loc     0x000000000000230e       0xce ./Peripheral/src/ch32v30x_misc.o
 .debug_loc     0x00000000000023dc      0xadb ./Peripheral/src/ch32v30x_rcc.o
 .debug_loc     0x0000000000002eb7     0x195e ./Peripheral/src/ch32v30x_tim.o
 .debug_loc     0x0000000000004815      0x7bb ./Peripheral/src/ch32v30x_usart.o
 .debug_loc     0x0000000000004fd0      0x177 ./Debug/debug.o

.debug_aranges  0x0000000000000000      0xa30
 .debug_aranges
                0x0000000000000000       0x20 ./modbus/rtu/mbcrc.o
 .debug_aranges
                0x0000000000000020       0x58 ./modbus/rtu/mbrtu.o
 .debug_aranges
                0x0000000000000078       0x40 ./modbus/port/port.o
 .debug_aranges
                0x00000000000000b8       0x30 ./modbus/port/portevent.o
 .debug_aranges
                0x00000000000000e8       0x48 ./modbus/port/portserial.o
 .debug_aranges
                0x0000000000000130       0x38 ./modbus/port/porttimer.o
 .debug_aranges
                0x0000000000000168       0x30 ./modbus/functions/mbfunccoils.o
 .debug_aranges
                0x0000000000000198       0x38 ./modbus/functions/mbfuncholding.o
 .debug_aranges
                0x00000000000001d0       0x28 ./modbus/functions/mbfuncother.o
 .debug_aranges
                0x00000000000001f8       0x30 ./modbus/functions/mbutils.o
 .debug_aranges
                0x0000000000000228       0x48 ./modbus/mb.o
 .debug_aranges
                0x0000000000000270       0x40 ./User/ch32v30x_it.o
 .debug_aranges
                0x00000000000002b0       0x50 ./User/main.o
 .debug_aranges
                0x0000000000000300       0x28 ./User/system_ch32v30x.o
 .debug_aranges
                0x0000000000000328       0x30 ./Startup/startup_ch32v30x_D8C.o
 .debug_aranges
                0x0000000000000358       0x48 ./Peripheral/src/ch32v30x_dbgmcu.o
 .debug_aranges
                0x00000000000003a0       0xa8 ./Peripheral/src/ch32v30x_gpio.o
 .debug_aranges
                0x0000000000000448       0x28 ./Peripheral/src/ch32v30x_misc.o
 .debug_aranges
                0x0000000000000470      0x1a8 ./Peripheral/src/ch32v30x_rcc.o
 .debug_aranges
                0x0000000000000618      0x2d0 ./Peripheral/src/ch32v30x_tim.o
 .debug_aranges
                0x00000000000008e8      0x100 ./Peripheral/src/ch32v30x_usart.o
 .debug_aranges
                0x00000000000009e8       0x48 ./Debug/debug.o

.debug_ranges   0x0000000000000000      0x970
 .debug_ranges  0x0000000000000000       0x10 ./modbus/rtu/mbcrc.o
 .debug_ranges  0x0000000000000010       0x48 ./modbus/rtu/mbrtu.o
 .debug_ranges  0x0000000000000058       0x30 ./modbus/port/port.o
 .debug_ranges  0x0000000000000088       0x20 ./modbus/port/portevent.o
 .debug_ranges  0x00000000000000a8       0x38 ./modbus/port/portserial.o
 .debug_ranges  0x00000000000000e0       0x28 ./modbus/port/porttimer.o
 .debug_ranges  0x0000000000000108       0x20 ./modbus/functions/mbfunccoils.o
 .debug_ranges  0x0000000000000128       0x28 ./modbus/functions/mbfuncholding.o
 .debug_ranges  0x0000000000000150       0x18 ./modbus/functions/mbfuncother.o
 .debug_ranges  0x0000000000000168       0x20 ./modbus/functions/mbutils.o
 .debug_ranges  0x0000000000000188       0x38 ./modbus/mb.o
 .debug_ranges  0x00000000000001c0       0x30 ./User/ch32v30x_it.o
 .debug_ranges  0x00000000000001f0       0x40 ./User/main.o
 .debug_ranges  0x0000000000000230       0x38 ./User/system_ch32v30x.o
 .debug_ranges  0x0000000000000268       0x28 ./Startup/startup_ch32v30x_D8C.o
 .debug_ranges  0x0000000000000290       0x50 ./Peripheral/src/ch32v30x_dbgmcu.o
 .debug_ranges  0x00000000000002e0       0x98 ./Peripheral/src/ch32v30x_gpio.o
 .debug_ranges  0x0000000000000378       0x48 ./Peripheral/src/ch32v30x_misc.o
 .debug_ranges  0x00000000000003c0      0x198 ./Peripheral/src/ch32v30x_rcc.o
 .debug_ranges  0x0000000000000558      0x2f0 ./Peripheral/src/ch32v30x_tim.o
 .debug_ranges  0x0000000000000848       0xf0 ./Peripheral/src/ch32v30x_usart.o
 .debug_ranges  0x0000000000000938       0x38 ./Debug/debug.o

.debug_line     0x0000000000000000     0xd568
 .debug_line    0x0000000000000000      0x320 ./modbus/rtu/mbcrc.o
 .debug_line    0x0000000000000320      0x91e ./modbus/rtu/mbrtu.o
 .debug_line    0x0000000000000c3e      0x630 ./modbus/port/port.o
 .debug_line    0x000000000000126e      0x38b ./modbus/port/portevent.o
 .debug_line    0x00000000000015f9      0x693 ./modbus/port/portserial.o
 .debug_line    0x0000000000001c8c      0x4e2 ./modbus/port/porttimer.o
 .debug_line    0x000000000000216e      0x73c ./modbus/functions/mbfunccoils.o
 .debug_line    0x00000000000028aa      0x8b4 ./modbus/functions/mbfuncholding.o
 .debug_line    0x000000000000315e      0x43d ./modbus/functions/mbfuncother.o
 .debug_line    0x000000000000359b      0x531 ./modbus/functions/mbutils.o
 .debug_line    0x0000000000003acc      0x993 ./modbus/mb.o
 .debug_line    0x000000000000445f      0x456 ./User/ch32v30x_it.o
 .debug_line    0x00000000000048b5      0x871 ./User/main.o
 .debug_line    0x0000000000005126      0x75a ./User/system_ch32v30x.o
 .debug_line    0x0000000000005880      0x356 ./Startup/startup_ch32v30x_D8C.o
 .debug_line    0x0000000000005bd6      0x380 ./Peripheral/src/ch32v30x_dbgmcu.o
 .debug_line    0x0000000000005f56      0xd75 ./Peripheral/src/ch32v30x_gpio.o
 .debug_line    0x0000000000006ccb      0x4d8 ./Peripheral/src/ch32v30x_misc.o
 .debug_line    0x00000000000071a3     0x1990 ./Peripheral/src/ch32v30x_rcc.o
 .debug_line    0x0000000000008b33     0x32fd ./Peripheral/src/ch32v30x_tim.o
 .debug_line    0x000000000000be30     0x102e ./Peripheral/src/ch32v30x_usart.o
 .debug_line    0x000000000000ce5e      0x70a ./Debug/debug.o

.debug_str      0x0000000000000000     0x3631
 .debug_str     0x0000000000000000      0x579 ./modbus/rtu/mbcrc.o
                                        0x5fb (size before relaxing)
 .debug_str     0x0000000000000579      0x3b4 ./modbus/rtu/mbrtu.o
                                        0x987 (size before relaxing)
 .debug_str     0x000000000000092d      0x188 ./modbus/port/port.o
                                        0x82a (size before relaxing)
 .debug_str     0x0000000000000ab5       0x73 ./modbus/port/portevent.o
                                        0x6a3 (size before relaxing)
 .debug_str     0x0000000000000b28      0x96b ./modbus/port/portserial.o
                                       0x101c (size before relaxing)
 .debug_str     0x0000000000001493      0x24e ./modbus/port/porttimer.o
                                        0xed5 (size before relaxing)
 .debug_str     0x00000000000016e1      0x1c9 ./modbus/functions/mbfunccoils.o
                                        0x878 (size before relaxing)
 .debug_str     0x00000000000018aa      0x117 ./modbus/functions/mbfuncholding.o
                                        0x8f0 (size before relaxing)
 .debug_str     0x00000000000019c1       0xa4 ./modbus/functions/mbfuncother.o
                                        0x828 (size before relaxing)
 .debug_str     0x0000000000001a65       0x74 ./modbus/functions/mbutils.o
                                        0x81b (size before relaxing)
 .debug_str     0x0000000000001ad9      0x1fd ./modbus/mb.o
                                        0xa97 (size before relaxing)
 .debug_str     0x0000000000001cd6       0xe8 ./User/ch32v30x_it.o
                                        0x868 (size before relaxing)
 .debug_str     0x0000000000001dbe      0x187 ./User/main.o
                                        0xf56 (size before relaxing)
 .debug_str     0x0000000000001f45       0xf5 ./User/system_ch32v30x.o
                                        0x6cc (size before relaxing)
 .debug_str     0x000000000000203a       0x2e ./Startup/startup_ch32v30x_D8C.o
                                         0x6c (size before relaxing)
 .debug_str     0x0000000000002068       0x77 ./Peripheral/src/ch32v30x_dbgmcu.o
                                        0x646 (size before relaxing)
 .debug_str     0x00000000000020df      0x259 ./Peripheral/src/ch32v30x_gpio.o
                                        0x971 (size before relaxing)
 .debug_str     0x0000000000002338       0x70 ./Peripheral/src/ch32v30x_misc.o
                                        0xccb (size before relaxing)
 .debug_str     0x00000000000023a8      0x5b4 ./Peripheral/src/ch32v30x_rcc.o
                                        0xcca (size before relaxing)
 .debug_str     0x000000000000295c      0x9cf ./Peripheral/src/ch32v30x_tim.o
                                       0x127b (size before relaxing)
 .debug_str     0x000000000000332b      0x29f ./Peripheral/src/ch32v30x_usart.o
                                        0xb17 (size before relaxing)
 .debug_str     0x00000000000035ca       0x67 ./Debug/debug.o
                                        0x8ff (size before relaxing)

.comment        0x0000000000000000       0x33
 .comment       0x0000000000000000       0x33 ./modbus/rtu/mbcrc.o
                                         0x34 (size before relaxing)
 .comment       0x0000000000000033       0x34 ./modbus/rtu/mbrtu.o
 .comment       0x0000000000000033       0x34 ./modbus/port/port.o
 .comment       0x0000000000000033       0x34 ./modbus/port/portevent.o
 .comment       0x0000000000000033       0x34 ./modbus/port/portserial.o
 .comment       0x0000000000000033       0x34 ./modbus/port/porttimer.o
 .comment       0x0000000000000033       0x34 ./modbus/functions/mbfunccoils.o
 .comment       0x0000000000000033       0x34 ./modbus/functions/mbfuncholding.o
 .comment       0x0000000000000033       0x34 ./modbus/functions/mbfuncother.o
 .comment       0x0000000000000033       0x34 ./modbus/functions/mbutils.o
 .comment       0x0000000000000033       0x34 ./modbus/mb.o
 .comment       0x0000000000000033       0x34 ./User/ch32v30x_it.o
 .comment       0x0000000000000033       0x34 ./User/main.o
 .comment       0x0000000000000033       0x34 ./User/system_ch32v30x.o
 .comment       0x0000000000000033       0x34 ./Peripheral/src/ch32v30x_dbgmcu.o
 .comment       0x0000000000000033       0x34 ./Peripheral/src/ch32v30x_gpio.o
 .comment       0x0000000000000033       0x34 ./Peripheral/src/ch32v30x_misc.o
 .comment       0x0000000000000033       0x34 ./Peripheral/src/ch32v30x_rcc.o
 .comment       0x0000000000000033       0x34 ./Peripheral/src/ch32v30x_tim.o
 .comment       0x0000000000000033       0x34 ./Peripheral/src/ch32v30x_usart.o
 .comment       0x0000000000000033       0x34 ./Debug/debug.o

.debug_frame    0x0000000000000000     0x1e48
 .debug_frame   0x0000000000000000       0x20 ./modbus/rtu/mbcrc.o
 .debug_frame   0x0000000000000020      0x130 ./modbus/rtu/mbrtu.o
 .debug_frame   0x0000000000000150       0x90 ./modbus/port/port.o
 .debug_frame   0x00000000000001e0       0x40 ./modbus/port/portevent.o
 .debug_frame   0x0000000000000220       0xc8 ./modbus/port/portserial.o
 .debug_frame   0x00000000000002e8       0x90 ./modbus/port/porttimer.o
 .debug_frame   0x0000000000000378       0x80 ./modbus/functions/mbfunccoils.o
 .debug_frame   0x00000000000003f8       0xb0 ./modbus/functions/mbfuncholding.o
 .debug_frame   0x00000000000004a8       0x54 ./modbus/functions/mbfuncother.o
 .debug_frame   0x00000000000004fc       0x40 ./modbus/functions/mbutils.o
 .debug_frame   0x000000000000053c       0xe4 ./modbus/mb.o
 .debug_frame   0x0000000000000620       0x78 ./User/ch32v30x_it.o
 .debug_frame   0x0000000000000698       0xb4 ./User/main.o
 .debug_frame   0x000000000000074c       0x3c ./User/system_ch32v30x.o
 .debug_frame   0x0000000000000788       0x70 ./Peripheral/src/ch32v30x_dbgmcu.o
 .debug_frame   0x00000000000007f8      0x148 ./Peripheral/src/ch32v30x_gpio.o
 .debug_frame   0x0000000000000940       0x30 ./Peripheral/src/ch32v30x_misc.o
 .debug_frame   0x0000000000000970      0x344 ./Peripheral/src/ch32v30x_rcc.o
 .debug_frame   0x0000000000000cb4      0x614 ./Peripheral/src/ch32v30x_tim.o
 .debug_frame   0x00000000000012c8      0x204 ./Peripheral/src/ch32v30x_usart.o
 .debug_frame   0x00000000000014cc       0x9c ./Debug/debug.o
 .debug_frame   0x0000000000001568       0x20 c:/mounriver/mrs_community/toolchain/risc-v embedded gcc/bin/../lib/gcc/riscv-none-embed/8.2.0/../../../../riscv-none-embed/lib/rv32imac/ilp32\libg_nano.a(lib_a-memcpy.o)
 .debug_frame   0x0000000000001588       0x54 c:/mounriver/mrs_community/toolchain/risc-v embedded gcc/bin/../lib/gcc/riscv-none-embed/8.2.0/../../../../riscv-none-embed/lib/rv32imac/ilp32\libg_nano.a(lib_a-printf.o)
 .debug_frame   0x00000000000015dc      0x148 c:/mounriver/mrs_community/toolchain/risc-v embedded gcc/bin/../lib/gcc/riscv-none-embed/8.2.0/../../../../riscv-none-embed/lib/rv32imac/ilp32\libg_nano.a(lib_a-findfp.o)
 .debug_frame   0x0000000000001724       0x88 c:/mounriver/mrs_community/toolchain/risc-v embedded gcc/bin/../lib/gcc/riscv-none-embed/8.2.0/../../../../riscv-none-embed/lib/rv32imac/ilp32\libg_nano.a(lib_a-fwalk.o)
 .debug_frame   0x00000000000017ac       0x40 c:/mounriver/mrs_community/toolchain/risc-v embedded gcc/bin/../lib/gcc/riscv-none-embed/8.2.0/../../../../riscv-none-embed/lib/rv32imac/ilp32\libg_nano.a(lib_a-nano-mallocr.o)
 .debug_frame   0x00000000000017ec       0xd0 c:/mounriver/mrs_community/toolchain/risc-v embedded gcc/bin/../lib/gcc/riscv-none-embed/8.2.0/../../../../riscv-none-embed/lib/rv32imac/ilp32\libg_nano.a(lib_a-nano-vfprintf.o)
 .debug_frame   0x00000000000018bc       0x8c c:/mounriver/mrs_community/toolchain/risc-v embedded gcc/bin/../lib/gcc/riscv-none-embed/8.2.0/../../../../riscv-none-embed/lib/rv32imac/ilp32\libg_nano.a(lib_a-nano-vfprintf_i.o)
 .debug_frame   0x0000000000001948       0x30 c:/mounriver/mrs_community/toolchain/risc-v embedded gcc/bin/../lib/gcc/riscv-none-embed/8.2.0/../../../../riscv-none-embed/lib/rv32imac/ilp32\libg_nano.a(lib_a-sbrkr.o)
 .debug_frame   0x0000000000001978       0xa4 c:/mounriver/mrs_community/toolchain/risc-v embedded gcc/bin/../lib/gcc/riscv-none-embed/8.2.0/../../../../riscv-none-embed/lib/rv32imac/ilp32\libg_nano.a(lib_a-stdio.o)
 .debug_frame   0x0000000000001a1c       0x50 c:/mounriver/mrs_community/toolchain/risc-v embedded gcc/bin/../lib/gcc/riscv-none-embed/8.2.0/../../../../riscv-none-embed/lib/rv32imac/ilp32\libg_nano.a(lib_a-wbuf.o)
 .debug_frame   0x0000000000001a6c       0x30 c:/mounriver/mrs_community/toolchain/risc-v embedded gcc/bin/../lib/gcc/riscv-none-embed/8.2.0/../../../../riscv-none-embed/lib/rv32imac/ilp32\libg_nano.a(lib_a-writer.o)
 .debug_frame   0x0000000000001a9c       0x3c c:/mounriver/mrs_community/toolchain/risc-v embedded gcc/bin/../lib/gcc/riscv-none-embed/8.2.0/../../../../riscv-none-embed/lib/rv32imac/ilp32\libg_nano.a(lib_a-wsetup.o)
 .debug_frame   0x0000000000001ad8       0x30 c:/mounriver/mrs_community/toolchain/risc-v embedded gcc/bin/../lib/gcc/riscv-none-embed/8.2.0/../../../../riscv-none-embed/lib/rv32imac/ilp32\libg_nano.a(lib_a-closer.o)
 .debug_frame   0x0000000000001b08       0x7c c:/mounriver/mrs_community/toolchain/risc-v embedded gcc/bin/../lib/gcc/riscv-none-embed/8.2.0/../../../../riscv-none-embed/lib/rv32imac/ilp32\libg_nano.a(lib_a-fflush.o)
 .debug_frame   0x0000000000001b84       0x30 c:/mounriver/mrs_community/toolchain/risc-v embedded gcc/bin/../lib/gcc/riscv-none-embed/8.2.0/../../../../riscv-none-embed/lib/rv32imac/ilp32\libg_nano.a(lib_a-lseekr.o)
 .debug_frame   0x0000000000001bb4       0x64 c:/mounriver/mrs_community/toolchain/risc-v embedded gcc/bin/../lib/gcc/riscv-none-embed/8.2.0/../../../../riscv-none-embed/lib/rv32imac/ilp32\libg_nano.a(lib_a-makebuf.o)
 .debug_frame   0x0000000000001c18       0x20 c:/mounriver/mrs_community/toolchain/risc-v embedded gcc/bin/../lib/gcc/riscv-none-embed/8.2.0/../../../../riscv-none-embed/lib/rv32imac/ilp32\libg_nano.a(lib_a-memchr.o)
 .debug_frame   0x0000000000001c38       0x30 c:/mounriver/mrs_community/toolchain/risc-v embedded gcc/bin/../lib/gcc/riscv-none-embed/8.2.0/../../../../riscv-none-embed/lib/rv32imac/ilp32\libg_nano.a(lib_a-mlock.o)
 .debug_frame   0x0000000000001c68       0x40 c:/mounriver/mrs_community/toolchain/risc-v embedded gcc/bin/../lib/gcc/riscv-none-embed/8.2.0/../../../../riscv-none-embed/lib/rv32imac/ilp32\libg_nano.a(lib_a-nano-freer.o)
 .debug_frame   0x0000000000001ca8       0x30 c:/mounriver/mrs_community/toolchain/risc-v embedded gcc/bin/../lib/gcc/riscv-none-embed/8.2.0/../../../../riscv-none-embed/lib/rv32imac/ilp32\libg_nano.a(lib_a-readr.o)
 .debug_frame   0x0000000000001cd8       0x70 c:/mounriver/mrs_community/toolchain/risc-v embedded gcc/bin/../lib/gcc/riscv-none-embed/8.2.0/../../../../riscv-none-embed/lib/rv32imac/ilp32\libg_nano.a(lib_a-reent.o)
 .debug_frame   0x0000000000001d48       0x30 c:/mounriver/mrs_community/toolchain/risc-v embedded gcc/bin/../lib/gcc/riscv-none-embed/8.2.0/../../../../riscv-none-embed/lib/rv32imac/ilp32\libg_nano.a(lib_a-fstatr.o)
 .debug_frame   0x0000000000001d78       0x30 c:/mounriver/mrs_community/toolchain/risc-v embedded gcc/bin/../lib/gcc/riscv-none-embed/8.2.0/../../../../riscv-none-embed/lib/rv32imac/ilp32\libg_nano.a(lib_a-isattyr.o)
 .debug_frame   0x0000000000001da8       0x20 c:/mounriver/mrs_community/toolchain/risc-v embedded gcc/bin/../lib/gcc/riscv-none-embed/8.2.0/../../../../riscv-none-embed/lib/rv32imac/ilp32\libnosys.a(close.o)
 .debug_frame   0x0000000000001dc8       0x20 c:/mounriver/mrs_community/toolchain/risc-v embedded gcc/bin/../lib/gcc/riscv-none-embed/8.2.0/../../../../riscv-none-embed/lib/rv32imac/ilp32\libnosys.a(fstat.o)
 .debug_frame   0x0000000000001de8       0x20 c:/mounriver/mrs_community/toolchain/risc-v embedded gcc/bin/../lib/gcc/riscv-none-embed/8.2.0/../../../../riscv-none-embed/lib/rv32imac/ilp32\libnosys.a(isatty.o)
 .debug_frame   0x0000000000001e08       0x20 c:/mounriver/mrs_community/toolchain/risc-v embedded gcc/bin/../lib/gcc/riscv-none-embed/8.2.0/../../../../riscv-none-embed/lib/rv32imac/ilp32\libnosys.a(lseek.o)
 .debug_frame   0x0000000000001e28       0x20 c:/mounriver/mrs_community/toolchain/risc-v embedded gcc/bin/../lib/gcc/riscv-none-embed/8.2.0/../../../../riscv-none-embed/lib/rv32imac/ilp32\libnosys.a(read.o)

.stab           0x0000000000000000       0x84
 .stab          0x0000000000000000       0x24 c:/mounriver/mrs_community/toolchain/risc-v embedded gcc/bin/../lib/gcc/riscv-none-embed/8.2.0/../../../../riscv-none-embed/lib/rv32imac/ilp32\libnosys.a(close.o)
 .stab          0x0000000000000024       0x18 c:/mounriver/mrs_community/toolchain/risc-v embedded gcc/bin/../lib/gcc/riscv-none-embed/8.2.0/../../../../riscv-none-embed/lib/rv32imac/ilp32\libnosys.a(fstat.o)
                                         0x24 (size before relaxing)
 .stab          0x000000000000003c       0x18 c:/mounriver/mrs_community/toolchain/risc-v embedded gcc/bin/../lib/gcc/riscv-none-embed/8.2.0/../../../../riscv-none-embed/lib/rv32imac/ilp32\libnosys.a(isatty.o)
                                         0x24 (size before relaxing)
 .stab          0x0000000000000054       0x18 c:/mounriver/mrs_community/toolchain/risc-v embedded gcc/bin/../lib/gcc/riscv-none-embed/8.2.0/../../../../riscv-none-embed/lib/rv32imac/ilp32\libnosys.a(lseek.o)
                                         0x24 (size before relaxing)
 .stab          0x000000000000006c       0x18 c:/mounriver/mrs_community/toolchain/risc-v embedded gcc/bin/../lib/gcc/riscv-none-embed/8.2.0/../../../../riscv-none-embed/lib/rv32imac/ilp32\libnosys.a(read.o)
                                         0x24 (size before relaxing)

.stabstr        0x0000000000000000      0x117
 .stabstr       0x0000000000000000      0x117 c:/mounriver/mrs_community/toolchain/risc-v embedded gcc/bin/../lib/gcc/riscv-none-embed/8.2.0/../../../../riscv-none-embed/lib/rv32imac/ilp32\libnosys.a(close.o)
